// Jest Snapshot v1, https://goo.gl/fbAQLP

exports[`<DeleteUser/> renders and matches snapshot 1`] = `
<DocumentFragment>
  <div>
    <button
      class="MuiButtonBase-root-7 MuiIconButton-root-1 MuiIconButton-colorSecondary-4"
      data-testid="delete-button"
      tabindex="0"
      type="button"
    >
      <span
        class="MuiIconButton-label-6"
      >
        <svg
          aria-hidden="true"
          class="MuiSvgIcon-root-10"
          focusable="false"
          role="presentation"
          viewBox="0 0 24 24"
        >
          <path
            d="M6 19c0 1.1.9 2 2 2h8c1.1 0 2-.9 2-2V7H6v12zM19 4h-3.5l-1-1h-5l-1 1H5v2h14V4z"
          />
          <path
            d="M0 0h24v24H0z"
            fill="none"
          />
        </svg>
      </span>
      <span
        class="MuiTouchRipple-root-35"
      />
    </button>
  </div>
</DocumentFragment>
`;
